// Jest Snapshot v1, https://goo.gl/fbAQLP

exports[`FormTypes Should render FormTypes component 1`] = `
<DocumentFragment>
  <div
    class=""
  >
    Form Types
  </div>
</DocumentFragment>
`;
