// Jest Snapshot v1, https://goo.gl/fbAQLP

exports[`Dashboard Should render Dashboard component 1`] = `
<DocumentFragment>
  <div
    class=""
  >
    Boshqaruv paneli
  </div>
</DocumentFragment>
`;
