// Jest Snapshot v1, https://goo.gl/fbAQLP

exports[`Settings Should render Settings component 1`] = `
<DocumentFragment>
  <div
    class=""
  >
    Sozlamalar
  </div>
</DocumentFragment>
`;
