// Jest Snapshot v1, https://goo.gl/fbAQLP

exports[`Users Should render Users component 1`] = `
<DocumentFragment>
  <div
    class=""
  >
    Users
  </div>
</DocumentFragment>
`;
