// Jest Snapshot v1, https://goo.gl/fbAQLP

exports[`Form Should render Form component 1`] = `
<DocumentFragment>
  <form
    class=""
  />
</DocumentFragment>
`;
