// Jest Snapshot v1, https://goo.gl/fbAQLP

exports[`CheckboxField Should render CheckboxField component 1`] = `
<DocumentFragment>
  <div
    class=""
  />
</DocumentFragment>
`;
