// Jest Snapshot v1, https://goo.gl/fbAQLP

exports[`Roles Should render Roles component 1`] = `
<DocumentFragment>
  <div
    class=""
  >
    Roles
  </div>
</DocumentFragment>
`;
